{"logTime": "0920/061241", "correlationVector":"LzzApx+3bt/2xwQ6/T9pTI.2","action":"ProcessGetUpdates", "result":"Done", "context":{"dataType":"History", "deleted":"0", "process_failed_to_decrypt":"0", "process_pending_decryption":"0", "process_success":"250", "total":"250"}}
{"logTime": "0920/061241", "correlationVector":"LzzApx+3bt/2xwQ6/T9pTI.3","action":"GetUpdates Response", "result":"Success", "context":Received 250 update(s). cV=LzzApx+3bt/2xwQ6/T9pTI.0;server=akswtt00300000t;cloudType=Consumer;environment=Prod_southeastasia_prod-s01-064-apac-southeastasia;migrationStage=NotStarted Some updates remain.}
{"logTime": "0920/061241", "correlationVector":"AprnWFua1di4OD8N/NLL+E","action":"Initial GetUpdates", "result":"", "context":Reason: NEWLY_SUPPORTED_DATATYPE. cV=AprnWFua1di4OD8N/NLL+E}
{"logTime": "0920/061242", "correlationVector":"AprnWFua1di4OD8N/NLL+E.1","action":"SyncServerConnectionManagerRequest", "result":"SYNC_SERVER_OK", "context":{"environment":"Prod_southeastasia_prod-s01-064-apac-southeastasia", "migrationStage":"NotStarted", "server":"akswtt00300002s"}}
{"logTime": "0920/061242", "correlationVector":"AprnWFua1di4OD8N/NLL+E.2","action":"ProcessGetUpdates", "result":"Done", "context":{"dataType":"History", "deleted":"0", "process_failed_to_decrypt":"0", "process_pending_decryption":"0", "process_success":"250", "total":"250"}}
{"logTime": "0920/061242", "correlationVector":"AprnWFua1di4OD8N/NLL+E.3","action":"GetUpdates Response", "result":"Success", "context":Received 250 update(s). cV=AprnWFua1di4OD8N/NLL+E.0;server=akswtt00300002s;cloudType=Consumer;environment=Prod_southeastasia_prod-s01-064-apac-southeastasia;migrationStage=NotStarted Some updates remain.}
{"logTime": "0920/061242", "correlationVector":"aVtc1MpFcVLmxz9S2DpIW2","action":"Initial GetUpdates", "result":"", "context":Reason: NEWLY_SUPPORTED_DATATYPE. cV=aVtc1MpFcVLmxz9S2DpIW2}
{"logTime": "0920/061242", "correlationVector":"aVtc1MpFcVLmxz9S2DpIW2.1","action":"SyncServerConnectionManagerRequest", "result":"SYNC_SERVER_OK", "context":{"environment":"Prod_southeastasia_prod-s01-064-apac-southeastasia", "migrationStage":"NotStarted", "server":"akswtt00300002s"}}
{"logTime": "0920/061242", "correlationVector":"aVtc1MpFcVLmxz9S2DpIW2.2","action":"ProcessGetUpdates", "result":"Done", "context":{"dataType":"History", "deleted":"0", "process_failed_to_decrypt":"0", "process_pending_decryption":"0", "process_success":"250", "total":"250"}}
{"logTime": "0920/061242", "correlationVector":"aVtc1MpFcVLmxz9S2DpIW2.3","action":"GetUpdates Response", "result":"Success", "context":Received 250 update(s). cV=aVtc1MpFcVLmxz9S2DpIW2.0;server=akswtt00300002s;cloudType=Consumer;environment=Prod_southeastasia_prod-s01-064-apac-southeastasia;migrationStage=NotStarted Some updates remain.}
{"logTime": "0920/061242", "correlationVector":"tRqZQmhOVxOYUqjGuK79An","action":"Initial GetUpdates", "result":"", "context":Reason: NEWLY_SUPPORTED_DATATYPE. cV=tRqZQmhOVxOYUqjGuK79An}
{"logTime": "0920/061243", "correlationVector":"tRqZQmhOVxOYUqjGuK79An.1","action":"SyncServerConnectionManagerRequest", "result":"SYNC_SERVER_OK", "context":{"environment":"Prod_southeastasia_prod-s01-064-apac-southeastasia", "migrationStage":"NotStarted", "server":"akswtt003000051"}}
{"logTime": "0920/061243", "correlationVector":"tRqZQmhOVxOYUqjGuK79An.2","action":"ProcessGetUpdates", "result":"Done", "context":{"dataType":"History", "deleted":"0", "process_failed_to_decrypt":"0", "process_pending_decryption":"0", "process_success":"250", "total":"250"}}
{"logTime": "0920/061243", "correlationVector":"tRqZQmhOVxOYUqjGuK79An.3","action":"GetUpdates Response", "result":"Success", "context":Received 250 update(s). cV=tRqZQmhOVxOYUqjGuK79An.0;server=akswtt003000051;cloudType=Consumer;environment=Prod_southeastasia_prod-s01-064-apac-southeastasia;migrationStage=NotStarted Some updates remain.}
{"logTime": "0920/061243", "correlationVector":"wuaathHfXS+BfX4qdsLDch","action":"Initial GetUpdates", "result":"", "context":Reason: NEWLY_SUPPORTED_DATATYPE. cV=wuaathHfXS+BfX4qdsLDch}
{"logTime": "0920/061243", "correlationVector":"wuaathHfXS+BfX4qdsLDch.1","action":"SyncServerConnectionManagerRequest", "result":"SYNC_SERVER_OK", "context":{"environment":"Prod_southeastasia_prod-s01-064-apac-southeastasia", "migrationStage":"NotStarted", "server":"akswtt00300000s"}}
{"logTime": "0920/061243", "correlationVector":"wuaathHfXS+BfX4qdsLDch.2","action":"ProcessGetUpdates", "result":"Done", "context":{"dataType":"History", "deleted":"0", "process_failed_to_decrypt":"0", "process_pending_decryption":"0", "process_success":"67", "total":"67"}}
{"logTime": "0920/061243", "correlationVector":"wuaathHfXS+BfX4qdsLDch.3","action":"GetUpdates Response", "result":"Success", "context":Received 67 update(s). cV=wuaathHfXS+BfX4qdsLDch.0;server=akswtt00300000s;cloudType=Consumer;environment=Prod_southeastasia_prod-s01-064-apac-southeastasia;migrationStage=NotStarted}
{"logTime": "0920/061243", "correlationVector":"DhSGjmlXd7l8f3VyNYdLIx","action":"Normal GetUpdate request", "result":"", "context":cV=DhSGjmlXd7l8f3VyNYdLIx
Nudged types: Sessions, Device Info
Refresh requested types: Bookmarks, Preferences, Passwords, Autofill Profiles, Autofill, Extensions, Sessions, Extension settings, History Delete Directives, Device Info, User Consents, Send Tab To Self, Web Apps, History, Saved Tab Group, WebAuthn Credentials, Edge Hub App Usage, Edge Workspace, Encryption Keys}
{"logTime": "0920/061247", "correlationVector":"DhSGjmlXd7l8f3VyNYdLIx.1","action":"SyncServerConnectionManagerRequest", "result":"SYNC_SERVER_OK", "context":{"environment":"Prod_southeastasia_prod-s01-064-apac-southeastasia", "migrationStage":"NotStarted", "server":"akswtt00300000o"}}
{"logTime": "0920/061247", "correlationVector":"DhSGjmlXd7l8f3VyNYdLIx.2","action":"GetUpdates Response", "result":"Success", "context":Received 0 update(s). cV=DhSGjmlXd7l8f3VyNYdLIx.0;server=akswtt00300000o;cloudType=Consumer;environment=Prod_southeastasia_prod-s01-064-apac-southeastasia;migrationStage=NotStarted}
{"logTime": "0920/061249", "correlationVector":"t4OobkHwN/PihoxcrlJeEz","action":"DoCompareDataConsistency: ", "result":"has local changes and skip compare"}
{"logTime": "0920/061249", "correlationVector":"UuU1q90INukuldh8QsNS/d","action":"Commit Request", "result":"", "context":Item count: 4
Contributing types: Sessions, Device Info, History}
{"logTime": "0920/061250", "correlationVector":"UuU1q90INukuldh8QsNS/d.1","action":"SyncServerConnectionManagerRequest", "result":"SYNC_SERVER_OK", "context":{"environment":"Prod_southeastasia_prod-s01-064-apac-southeastasia", "migrationStage":"NotStarted", "server":"akswtt003000005"}}
{"logTime": "0920/061250", "correlationVector":"UuU1q90INukuldh8QsNS/d.2","action":"Commit Response", "result":"Success", "context":Result: Success. cV=UuU1q90INukuldh8QsNS/d.0;server=akswtt003000005;cloudType=Consumer;environment=Prod_southeastasia_prod-s01-064-apac-southeastasia;migrationStage=NotStarted}
{"logTime": "0920/061250", "correlationVector":"NUy0SjEcU2oIdwMYCfGzeV","action":"Commit Request", "result":"", "context":Item count: 1
Contributing types: Sessions}
{"logTime": "0920/061250", "correlationVector":"NUy0SjEcU2oIdwMYCfGzeV.1","action":"SyncServerConnectionManagerRequest", "result":"SYNC_SERVER_OK", "context":{"environment":"Prod_southeastasia_prod-s01-064-apac-southeastasia", "migrationStage":"NotStarted", "server":"akswtt00300000t"}}
{"logTime": "0920/061250", "correlationVector":"NUy0SjEcU2oIdwMYCfGzeV.2","action":"Commit Response", "result":"Success", "context":Result: Success. cV=NUy0SjEcU2oIdwMYCfGzeV.0;server=akswtt00300000t;cloudType=Consumer;environment=Prod_southeastasia_prod-s01-064-apac-southeastasia;migrationStage=NotStarted}
{"logTime": "0920/061309", "correlationVector":"TV9l2BP8XKntQoTn5iSQdk","action":"Commit Request", "result":"", "context":Item count: 10
Contributing types: Passwords, Sessions, History}
{"logTime": "0920/061310", "correlationVector":"TV9l2BP8XKntQoTn5iSQdk.1","action":"SyncServerConnectionManagerRequest", "result":"SYNC_SERVER_OK", "context":{"environment":"Prod_southeastasia_prod-s01-064-apac-southeastasia", "migrationStage":"NotStarted", "server":"akswtt00300000o"}}
{"logTime": "0920/061310", "correlationVector":"TV9l2BP8XKntQoTn5iSQdk.2","action":"Commit Response", "result":"Success", "context":Result: Success. cV=TV9l2BP8XKntQoTn5iSQdk.0;server=akswtt00300000o;cloudType=Consumer;environment=Prod_southeastasia_prod-s01-064-apac-southeastasia;migrationStage=NotStarted}
{"logTime": "0920/061522", "correlationVector":"Lr3W2u9Cxm8KWQN/4xTQl3","action":"Commit Request", "result":"", "context":Item count: 1
Contributing types: Sessions}
{"logTime": "0920/061522", "correlationVector":"Lr3W2u9Cxm8KWQN/4xTQl3.1","action":"SyncServerConnectionManagerRequest", "result":"SYNC_SERVER_OK", "context":{"environment":"Prod_southeastasia_prod-s01-064-apac-southeastasia", "migrationStage":"NotStarted", "server":"akswtt00300000r"}}
{"logTime": "0920/061522", "correlationVector":"Lr3W2u9Cxm8KWQN/4xTQl3.2","action":"Commit Response", "result":"Success", "context":Result: Success. cV=Lr3W2u9Cxm8KWQN/4xTQl3.0;server=akswtt00300000r;cloudType=Consumer;environment=Prod_southeastasia_prod-s01-064-apac-southeastasia;migrationStage=NotStarted}
